
> backend@1.0.0 start
> node server.js

Fichier .env chargé.
Connecté à la base de données PostgreSQL (Supabase).
Serveur Backend démarré sur http://localhost:3001
[Migration] Contrainte UNIQUE sur formations.slug supprimée.
[Keepalive] DB ping OK
[Keepalive] DB ping OK
[Keepalive] DB ping OK
[Keepalive] DB ping OK
[Keepalive] DB ping OK
[Keepalive] DB ping OK
[Keepalive] DB ping OK
[Keepalive] DB ping OK
[Keepalive] DB ping OK
[Keepalive] DB ping OK
[Keepalive] DB ping OK
[Keepalive] DB ping OK
[Keepalive] DB ping OK
[Keepalive] DB ping OK
[Keepalive] DB ping OK
[Keepalive] DB ping OK
[Keepalive] DB ping OK
[Keepalive] DB ping OK
[Keepalive] DB ping OK
[Keepalive] DB ping OK
[Keepalive] DB ping failed: read ECONNRESET
[Keepalive] DB ping OK
[Keepalive] DB ping OK
[Keepalive] DB ping OK
[Keepalive] DB ping OK
[Keepalive] DB ping OK
[Keepalive] DB ping OK
[Keepalive] DB ping OK
[Keepalive] DB ping OK
[Keepalive] DB ping OK
[Keepalive] DB ping OK
[Keepalive] DB ping OK
[Keepalive] DB ping OK
[Keepalive] DB ping OK
[Keepalive] DB ping OK
[Keepalive] DB ping OK
[Keepalive] DB ping OK
[Keepalive] DB ping OK
[Keepalive] DB ping OK
[Keepalive] DB ping OK
[Keepalive] DB ping OK
[Keepalive] DB ping OK
[Keepalive] DB ping OK
[Keepalive] DB ping OK
[Keepalive] DB ping OK
[Keepalive] DB ping OK
[Keepalive] DB ping OK
[Keepalive] DB ping OK
[Keepalive] DB ping OK
[Keepalive] DB ping OK
[Keepalive] DB ping OK
[Keepalive] DB ping OK
[Keepalive] DB ping OK
[Keepalive] DB ping OK
[Keepalive] DB ping OK
[Keepalive] DB ping OK
[Keepalive] DB ping OK
[Keepalive] DB ping OK
[Keepalive] DB ping OK
[Keepalive] DB ping OK
[Keepalive] DB ping OK
[Keepalive] DB ping OK
[Keepalive] DB ping OK
[Keepalive] DB ping OK
[Keepalive] DB ping failed: getaddrinfo ENOTFOUND aws-0-eu-west-1.pooler.supabase.com
[Keepalive] DB ping failed: getaddrinfo ENOTFOUND aws-0-eu-west-1.pooler.supabase.com
[Keepalive] DB ping failed: getaddrinfo ENOTFOUND aws-0-eu-west-1.pooler.supabase.com
[Keepalive] DB ping failed: getaddrinfo ENOTFOUND aws-0-eu-west-1.pooler.supabase.com
[Keepalive] DB ping OK
[Keepalive] DB ping OK
[Keepalive] DB ping OK
[Keepalive] DB ping OK
[Keepalive] DB ping OK
[Keepalive] DB ping OK
[Keepalive] DB ping OK
[Keepalive] DB ping OK
[Keepalive] DB ping OK
[Keepalive] DB ping OK
[Keepalive] DB ping OK
[Keepalive] DB ping OK
[Keepalive] DB ping OK
[Keepalive] DB ping OK
[Keepalive] DB ping OK
[Keepalive] DB ping OK
[Keepalive] DB ping OK
[Keepalive] DB ping OK
[Keepalive] DB ping OK
[Keepalive] DB ping OK
[Keepalive] DB ping OK
[Keepalive] DB ping OK
[Keepalive] DB ping OK
[Keepalive] DB ping OK
[Keepalive] DB ping OK
[Keepalive] DB ping OK
[Keepalive] DB ping OK
[Keepalive] DB ping OK
[Keepalive] DB ping OK
[Keepalive] DB ping OK
[Keepalive] DB ping OK
[Keepalive] DB ping OK
[Keepalive] DB ping OK
[Keepalive] DB ping OK
[Keepalive] DB ping OK
[Keepalive] DB ping OK
[Keepalive] DB ping OK
[Keepalive] DB ping OK
[Keepalive] DB ping OK
[Keepalive] DB ping OK
[Keepalive] DB ping OK
[Keepalive] DB ping OK
[Keepalive] DB ping OK
[Keepalive] DB ping OK
[Keepalive] DB ping OK
[Keepalive] DB ping OK
